
R version 3.4.1 (2017-06-30) -- "Single Candle"
Copyright (C) 2017 The R Foundation for Statistical Computing
Platform: x86_64-pc-linux-gnu (64-bit)

R is free software and comes with ABSOLUTELY NO WARRANTY.
You are welcome to redistribute it under certain conditions.
Type 'license()' or 'licence()' for distribution details.

  Natural language support but running in an English locale

R is a collaborative project with many contributors.
Type 'contributors()' for more information and
'citation()' on how to cite R or R packages in publications.

Type 'demo()' for some demos, 'help()' for on-line help, or
'help.start()' for an HTML browser interface to help.
Type 'q()' to quit R.

> #set library path
> .libPaths("/hpc/applications/r/3.4.1/lib64/R/library")
> 
> #packages
> library(dplyr)

Attaching package: ‘dplyr’

The following objects are masked from ‘package:stats’:

    filter, lag

The following objects are masked from ‘package:base’:

    intersect, setdiff, setequal, union

> library(rlang)
> library(tidyselect)
> library(readr)
> library(stringr)
> library(lubridate)

Attaching package: ‘lubridate’

The following object is masked from ‘package:base’:

    date

> library(geosphere)
Loading required package: sp
> library(survey)
Loading required package: grid
Loading required package: Matrix
Loading required package: survival

Attaching package: ‘survey’

The following object is masked from ‘package:graphics’:

    dotchart

> library(haven)
> library(truncdist)
Loading required package: stats4
Loading required package: evd
> library(tidyr)

Attaching package: ‘tidyr’

The following object is masked from ‘package:Matrix’:

    expand

> library(parallelMap)
> library(magrittr)

Attaching package: ‘magrittr’

The following object is masked from ‘package:tidyr’:

    extract

The following object is masked from ‘package:rlang’:

    set_names

> library(doParallel)
Loading required package: foreach
Loading required package: iterators
Loading required package: parallel
> library(foreach)
> library(purrr)

Attaching package: ‘purrr’

The following objects are masked from ‘package:foreach’:

    accumulate, when

The following object is masked from ‘package:magrittr’:

    set_names

The following objects are masked from ‘package:rlang’:

    %||%, %@%, as_function, flatten, flatten_chr, flatten_dbl,
    flatten_int, flatten_lgl, invoke, list_along, modify, prepend,
    rep_along, splice

> #functions needed
> neg_to_zero <- function(x){
+   if(x < 0){ x = 0}
+   x
+ }
> 
> #########
> # Simulate the population
> #########
> cls17 <- read_csv("/users/benjamin/scratch/dissertation/cls_17_all_sites.csv")
Parsed with column specification:
cols(
  .default = col_integer(),
  tripID = col_double(),
  USCG = col_character(),
  captainName = col_character(),
  permit = col_character(),
  latitude = col_double(),
  longitude = col_double(),
  isCharterTrip = col_character(),
  region = col_character(),
  firstTarget = col_character(),
  secondTarget = col_character(),
  state = col_character(),
  county = col_character(),
  Name = col_character(),
  departdate = col_datetime(format = ""),
  returndate = col_datetime(format = ""),
  reportdate = col_datetime(format = ""),
  `BLACK SEA BASS_kept` = col_character(),
  `BLACK SEA BASS_released` = col_character(),
  HOGFISH_kept = col_character(),
  HOGFISH_released = col_character()
  # ... with 24 more columns
)
See spec(...) for full column specifications.
> 
> mripall <- read_csv("/users/benjamin/scratch/dissertation/mrip_tidy2_17.csv")
Parsed with column specification:
cols(
  .default = col_integer(),
  w_ex = col_double(),
  w_trip = col_double(),
  strat_id = col_character(),
  psu_id = col_double(),
  ID_CODE = col_double(),
  var_id = col_character(),
  CLS = col_character(),
  wp_int = col_double(),
  wp_catch = col_double(),
  prim1_common = col_character(),
  TIME = col_time(format = ""),
  PRT_CODE = col_double(),
  date = col_date(format = ""),
  date_time_mrip = col_datetime(format = ""),
  w_psu = col_double(),
  w_int = col_double(),
  `ATLANTIC SHARPNOSE SHARK_release` = col_double(),
  `BLACK SEA BASS_release` = col_double(),
  `BLACKTIP SHARK_release` = col_double(),
  BLUEFISH_release = col_double()
  # ... with 33 more columns
)
See spec(...) for full column specifications.
> mripall <- mripall %>% 
+   select(-mrip_non_cls_claim,-mrip_non_cls_release)
> mrip17 <- mripall %>%
+   bind_cols(select(mripall, ends_with("claim")) %>%
+               transmute(total_claim_mrip = rowSums(., na.rm = T))) %>%
+   bind_cols(select(mripall, ends_with("release")) %>%
+               transmute(total_release_mrip = rowSums(., na.rm = T)))
> 
> is.zero.na <- function(x){
+   x == 0 | is.na(x)
+ }
> 
> mrip17 <- mrip17 %>% 
+   bind_cols(
+     select(mrip17,ends_with("claim")) %>%
+       transmute(reported_species_claim_mrip = rowSums(!is.zero.na(.)))
+   ) %>%
+   bind_cols(
+     select(mrip17,ends_with("release")) %>%
+       transmute(reported_species_released_mrip = rowSums(!is.zero.na(.)))
+   ) 
> 
> w_data <- read_sas("/users/benjamin/scratch/dissertation/weights_2016_2017_gulf_block.sas7bdat")
> 
> 
> #Get 2017 data
> w_data <- w_data %>% 
+   filter(YEAR == 2017)
> 
> #Lat/Long Info
> dock_info <- read_csv("/users/benjamin/scratch/dissertation/dock_locations.csv")
Parsed with column specification:
cols(
  .default = col_character(),
  SITE_EXTERNAL_ID = col_integer(),
  SITE_ZIP = col_integer(),
  COUNTY_CODE = col_integer(),
  STATE_CODE = col_integer(),
  `# OF BOAT SLIPS` = col_integer(),
  `# OF CAR PARKING SPACES` = col_integer(),
  `# OF CB USING SITE` = col_integer(),
  `# OF HB USING SITE` = col_integer(),
  `# OF RAMPS` = col_integer(),
  `# OF TRAILER PARKING SPACES` = col_integer()
)
See spec(...) for full column specifications.
> 
> dock_location <- dock_info %>% 
+   select(SITE_EXTERNAL_ID,
+          SITE_LAT,
+          SITE_LONG,
+          STATE,
+          STATUS,
+          SITE_ZIP,
+          `SHORE AREA`) %>%
+   filter(STATUS != "Retired")
> #Reformat Lat and Long
> dock_location$SITE_LAT <- gsub(":", ".",
+                                gsub(".", "",
+                                     (
+                                       str_replace(dock_location$SITE_LAT, "\t", "")
+                                     ),
+                                     fixed = T),
+                                fixed = T)
> dock_location$SITE_LONG <- gsub(":", ".",
+                                 gsub(".", "",
+                                      (
+                                        str_replace(dock_location$SITE_LONG, "\t", "")
+                                      ),
+                                      fixed = T),
+                                 fixed = T)
> #All the longitudes need to be changed to negative
> #Negative longitude is everything west of england
> dock_location$SITE_LONG <- paste0("-",dock_location$SITE_LONG,sep="")
> 
> dock_location$SITE_LAT <- as.numeric(dock_location$SITE_LAT)
Warning message:
NAs introduced by coercion 
> dock_location$SITE_LONG <- as.numeric(dock_location$SITE_LONG)
Warning message:
NAs introduced by coercion 
> 
> #get the unique psu sampling weights
> psu_weights <- w_data %>% 
+   distinct(psu,site,block_start,w_psu,strat_interval,kod,block_start) %>% 
+   mutate(psu_id = 1:n())
> 
> #replicate the psus proportional to their weights (2 times)
> y <- c()
> for(i in 1:nrow(psu_weights)){
+   x <- rep(psu_weights$psu_id[i],round(1*psu_weights$w_psu[i]))
+   y <- c(y,x)
+ }
> 
> #add the vector of replicates onto the weighting info
> psus <- tibble(y)
Warning message:
`list_len()` is soft-deprecated as of rlang 0.2.0.
Please use `new_list()` instead
This warning is displayed once per session. 
> pop <- psus %>% 
+   rename(psu_id = y) %>% 
+   left_join(psu_weights) %>% 
+   mutate(trip_rep_id = 1:n())
Joining, by = "psu_id"
> 
> #Add on State
> pop <- pop %>% 
+   mutate(ST = str_sub(psu, end =2)) %>% 
+   mutate(ST = case_when(
+     ST == "01" ~ "AL",
+     ST == "12" ~ "FL",
+     ST == "28" ~ "MS"
+   )
+   )
> 
> docks_for_joins <- dock_location %>%
+   filter(STATE %in% c("FL","AL","MS")) %>%
+   filter(SITE_EXTERNAL_ID %in% unique(pop$site)) %>% 
+   select(-STATUS) %>% 
+   mutate(site = SITE_EXTERNAL_ID,
+          ST = STATE)
> #get them ready to put back on
> first_dock <- docks_for_joins %>% 
+   filter(STATE == "FL") %>% 
+   filter(SITE_EXTERNAL_ID %in% c(516,306,216,286,
+                                  314,946,295,509,
+                                  931,287,174)) %>% 
+   filter(!is.na(SITE_ZIP)) %>% 
+   count(SITE_EXTERNAL_ID,STATE) %>% 
+   filter(n == 1) %>% 
+   select(SITE_EXTERNAL_ID,STATE)
> 
> second_dock <- docks_for_joins %>% 
+   filter(STATE == "FL") %>% 
+   filter(SITE_EXTERNAL_ID %in% c(516,306,216,286,
+                                  314,946,295,509,
+                                  931,287,174)) %>% 
+   anti_join(first_dock) %>% 
+   filter(!is.na(`SHORE AREA`)) %>% 
+   select(SITE_EXTERNAL_ID, STATE)
Joining, by = c("SITE_EXTERNAL_ID", "STATE")
> 
> docks_for_joins <- docks_for_joins %>% 
+   anti_join(bind_rows(first_dock,second_dock)) %>% 
+   bind_rows(first_dock) %>% 
+   bind_rows(second_dock)
Joining, by = c("SITE_EXTERNAL_ID", "STATE")
> 
> pop <- pop %>%
+   left_join(docks_for_joins)
Joining, by = c("site", "ST")
> 
> #Number of trips per psu
> 
> trips <- c()
> trips_per_psu <- mrip17 %>% 
+   count(psu_id) %>% 
+   pull(n)
> for(t in 1:nrow(pop)){
+   trips[t] = sample(trips_per_psu,1)
+ }
> pop <- pop %>% 
+   mutate(trips = trips)
> sessionInfo()
R version 3.4.1 (2017-06-30)
Platform: x86_64-pc-linux-gnu (64-bit)
Running under: CentOS Linux 7 (Core)

Matrix products: default
BLAS/LAPACK: /hpc/applications/intel/2017/compilers_and_libraries_2017.4.196/linux/mkl/lib/intel64_lin/libmkl_intel_lp64.so

locale:
 [1] LC_CTYPE=en_US.UTF-8       LC_NUMERIC=C              
 [3] LC_TIME=en_US.UTF-8        LC_COLLATE=en_US.UTF-8    
 [5] LC_MONETARY=en_US.UTF-8    LC_MESSAGES=en_US.UTF-8   
 [7] LC_PAPER=en_US.UTF-8       LC_NAME=C                 
 [9] LC_ADDRESS=C               LC_TELEPHONE=C            
[11] LC_MEASUREMENT=en_US.UTF-8 LC_IDENTIFICATION=C       

attached base packages:
 [1] parallel  stats4    grid      stats     graphics  grDevices utils    
 [8] datasets  methods   base     

other attached packages:
 [1] bindrcpp_0.2.2    purrr_0.2.5       doParallel_1.0.11 iterators_1.0.9  
 [5] foreach_1.4.4     magrittr_1.5      parallelMap_1.3   tidyr_0.8.2      
 [9] truncdist_1.0-2   evd_2.3-3         haven_1.1.0       survey_3.34      
[13] survival_2.41-3   Matrix_1.2-11     geosphere_1.5-5   sp_1.2-5         
[17] lubridate_1.6.0   stringr_1.3.1     readr_1.1.1       tidyselect_0.2.5 
[21] rlang_0.3.0.1     dplyr_0.7.8      

loaded via a namespace (and not attached):
 [1] Rcpp_1.0.0       pillar_1.3.0     compiler_3.4.1   bindr_0.1.1     
 [5] forcats_0.2.0    tools_3.4.1      tibble_1.4.2     checkmate_1.8.3 
 [9] lattice_0.20-35  pkgconfig_2.0.2  hms_0.3          glue_1.3.0      
[13] R6_2.3.0         codetools_0.2-15 backports_1.1.2  BBmisc_1.11     
[17] splines_3.4.1    assertthat_0.2.0 stringi_1.2.4    crayon_1.3.4    
> pop <- uncount(pop,weights = trips)
> #Add Party size to simulated population
> #estimated from "estimating_variable_distributions_2017.R"
> u <- runif(nrow(pop))
> party <- rep(2,nrow(pop)) #2 is most common size
> for(j in 1:nrow(pop)){
+   if(u[j] <= 0.00135){party[j] = 13
+   } else if(u[j] <= 0.00609){party[j] = 11
+   } else if(u[j] <= 0.01218){party[j] = 12
+   } else if(u[j] <= 0.02298){party[j] = 10
+   } else if(u[j] <= 0.03518){party[j] = 9
+   } else if(u[j] <= 0.05078){party[j] = 7
+   } else if(u[j] <= 0.06858){party[j] = 8
+   } else if(u[j] <= 0.11668){party[j] = 1
+   } else if(u[j] <= 0.23068){party[j] = 5
+   } else if(u[j] <= 0.37668){party[j] = 6
+   } else if(u[j] <= 0.54568){party[j] = 3
+   } else if(u[j] <= 0.74968){party[j] = 4}
+ }
> 
> pop <- pop %>% 
+   mutate(party = party) #add onto pop
> 
> #Add Red Snapper Claim to Simulated Population
> #multiply part by mean snapper catch
> #Indicator of if they caught snapper
> z <- runif(nrow(pop))
> red_snapper_ind <- rep(0,nrow(pop))
> for(k in 1:nrow(pop)){
+   if(z[k] > 0.88){
+     red_snapper_ind[k] = 1
+   }
+ }
> red_snapper_harvest_mean <- rep(0,nrow(pop))
> z2 <- runif(nrow(pop))
> for(l in 1:nrow(pop)){
+   if(red_snapper_ind[l] == 1){
+     if(z2[l] <= 0.5168539){
+       red_snapper_harvest_mean[l] = 2
+     } else{
+       red_snapper_harvest_mean[l] = runif(1,0.1,1.95)
+     }
+   }
+ }
> 
> pop <- pop %>% 
+   mutate(red_snapper_harvest_mean = red_snapper_harvest_mean) %>% 
+   mutate(red_snapper_harvest = round(red_snapper_harvest_mean*party)) %>% 
+   select(-red_snapper_harvest_mean)
> 
> #Date
> pop <- pop %>% 
+   mutate(year = str_sub(psu,-8,(nchar(psu) - 4)),
+          month = str_sub(psu,-4,(nchar(psu) - 2)),
+          day = str_sub(psu,-2,nchar(psu))) %>% 
+   mutate(date = as.character(paste(year,month,day,sep=""))) %>% 
+   mutate(date = ymd(date))
> 
> #Total Harvest
> #multiply part by mean snapper catch
> #Indicator of if they caught snapper
> h <- runif(nrow(pop))
> total_catch_ind <- rep(0,nrow(pop))
> for(k in 1:nrow(pop)){
+   if(h[k] > 0.136){
+     total_catch_ind[k] = 1
+   }
+ }
> 
> total_harvest_mean <- rep(0,nrow(pop))
> harv_m <- rtrunc(nrow(pop), spec="gamma",a = 0.00001,
+                  b=9900, shape = 1.8, rate = .4)
> for(l in 1:nrow(pop)){
+   if(total_catch_ind[l] == 1){
+     total_harvest_mean[l] <- harv_m[l]
+   }
+ }
> 
> pop <- pop %>% 
+   mutate(total_harvest_mean = total_harvest_mean) %>% 
+   mutate(total_harvest = round(total_harvest_mean*party)) %>% 
+   select(-total_harvest_mean)
> 
> #Total Release
> l <- runif(nrow(pop))
> total_rel_ind <- rep(0,nrow(pop))
> for(k in 1:nrow(pop)){
+   if(l[k] > 0.1206){
+     total_rel_ind[k] = 1
+   }
+ }
> 
> total_rel_mean <- rep(0,nrow(pop))
> rel_m <- rtrunc(nrow(pop), spec="gamma",a = 0.00001,
+                 b=9900, shape = 2, rate = .35)
> for(ll in 1:nrow(pop)){
+   if(total_rel_ind[ll] == 1){
+     total_rel_mean[ll] <- rel_m[ll]
+   }
+ }
> 
> pop <- pop %>% 
+   mutate(total_rel_mean = total_rel_mean) %>% 
+   mutate(total_release = round(total_rel_mean*party)) %>% 
+   select(-total_rel_mean)
> 
> #Number of Species Caught
> 
> g <- runif(nrow(pop))
> sp_caught <- rep(0,nrow(pop))
> for(gg in 1:nrow(pop)){
+   if(g[gg] <= 0.137){sp_caught[gg] = 0
+   } else if(g[gg] <= 0.421){sp_caught[gg] = 1
+   } else if(g[gg] <= 0.701){sp_caught[gg] = 2
+   } else if(g[gg] <= 0.857){sp_caught[gg] = 3
+   } else if(g[gg] <= 0.9318){sp_caught[gg] = 4
+   } else if(g[gg] <= 0.9722){sp_caught[gg] = 5
+   } else if(g[gg] <= 0.9904){sp_caught[gg] = 6
+   } else if(g[gg] <= 0.99646){sp_caught[gg] = 7
+   } else if(g[gg] <= 0.99848){sp_caught[gg] = 8
+   } else if(g[gg] <= 0.99983){sp_caught[gg] = 9
+   } else(sp_caught[gg] = 10)
+ }
> 
> pop <- pop %>% 
+   mutate(species_caught_mrip = sp_caught)
> 
> #Number of Species Released
> q <- runif(nrow(pop))
> sp_rel <- rep(0,nrow(pop))
> for(qq in 1:nrow(pop)){
+   if(q[qq] <= 0.247){sp_rel[qq] = 0
+   } else if(q[qq] <= 0.585){sp_rel[qq] = 1
+   } else if(q[qq] <= 0.838){sp_rel[qq] = 2
+   } else if(q[qq] <= 0.951){sp_rel[qq] = 3
+   } else if(q[qq] <= 0.9881){sp_rel[qq] = 4
+   } else if(q[qq] <= 0.9996){sp_rel[qq] = 5
+   } else(sp_rel[qq] = 6)
+ }
> 
> pop <- pop %>% 
+   mutate(species_released_mrip = sp_rel)
> 
> #CLS 
> pp1 = 0.3 #prop of boats with a CLS ID,
> #not necessarily a CLS ID from self-reports
> cl <- runif(nrow(pop))
> cl_i <- rep(0,nrow(pop))
> for(cc in 1:nrow(pop)){
+   if(cl[cc] < pp1){cl_i[cc] = 1}
+ }
> pop <- pop %>% 
+   mutate(CLS = cl_i)
> 
> ## For the CLS trips, Dilute the values to be not exact
> ## Need to give a CLS ID to the vessels
> ## dilute the cls variables and check the resulting
> #this works
> 
> #extra errors
> pop <- pop %>% 
+   mutate(cls_party = round(party + rnorm(nrow(pop),0,3)),
+          cls_harvest = round(total_harvest + 
+                                rnorm(nrow(pop),0,30)),
+          cls_release = round(total_release + 
+                                rnorm(nrow(pop),0,55)),
+          cls_red_snapper_harvest = round(
+            red_snapper_harvest + 
+              rnorm(nrow(pop),
+                    0,4)),
+          species_caught_cls = round(species_caught_mrip + 
+                                       rnorm(nrow(pop),
+                                             0,3)),
+          species_released_cls = round(
+            species_released_mrip + 
+              rnorm(nrow(pop),
+                    0,3)),
+          date_cls = date + rnorm(nrow(pop),0,1),
+          d_cls = day(date_cls),
+          CLS_LAT = SITE_LAT + rnorm(nrow(pop),0,9),
+          CLS_LONG = SITE_LONG + rnorm(nrow(pop),0,1)) 
> 
> pop <- pop %>% 
+   mutate(cls_party = if_else(cls_party <= 0,
+                              party,cls_party),
+          cls_harvest = sapply(cls_harvest, neg_to_zero),
+          cls_release = sapply(cls_release, neg_to_zero),
+          cls_red_snapper_harvest = sapply(cls_red_snapper_harvest,
+                                           neg_to_zero),
+          species_caught_cls = sapply(species_caught_cls,
+                                      neg_to_zero),
+          species_released_cls = sapply(species_released_cls,
+                                        neg_to_zero))
> 
> pop <- pop %>% 
+   mutate(cls_party = if_else(CLS == 1,
+                              cls_party,0),
+          cls_harvest = if_else(CLS == 1,
+                                cls_harvest,0),
+          cls_release = if_else(CLS == 1,
+                                cls_release,0),
+          cls_red_snapper_harvest = if_else(CLS == 1,
+                                            cls_red_snapper_harvest,0),
+          species_caught_cls = if_else(CLS == 1,
+                                       species_caught_cls,0),
+          species_released_cls = if_else(CLS == 1,
+                                         species_released_cls,0),
+          CLS_LAT = if_else(CLS == 1,
+                            CLS_LAT,0),
+          CLS_LONG = if_else(CLS == 1,
+                             CLS_LONG,0)
+   )
> 
> #Give the CLS Trips a CLS_ID
> cls_id_in_mrip <- mrip17 %>% 
+   filter(CLS == "Y") %>% 
+   pull(CLS_ID)
> cls_id_sample <- sample(x = cls_id_in_mrip,
+                         size = nrow(pop),
+                         replace = T)
> pop <- pop %>% 
+   mutate(CLS_ID = if_else(CLS == 1,
+                           as.numeric(cls_id_sample),
+                           as.numeric(NA))
+   ) %>% 
+   mutate(strat_int = paste0(date,kod,strat_interval)) %>% 
+   mutate(id = 1:n())
> 
> true_match_leng <- pop %>% 
+   mutate(id = 1:n()) %>% 
+   filter(CLS_ID %in% cls17$CLS_ID) %>% 
+   select(id) 
> 
> true_match_leng <- true_match_leng %>% 
+   sample_n(size = 0.40*nrow(true_match_leng))
> # what I am saying above is that of the intercepts who
> # see a CLS boat with a CLS_ID that is on the self-report
> # list, only 40% of those actually made a report
> 
> pop <- pop %>% 
+   mutate(true_match_id = if_else(id %in% true_match_leng$id,
+                                  id,as.integer(0))) 
> 
> nest_pop <- pop %>% 
+   group_by(`psu_id`,
+            `block_start`,
+            `strat_interval`,
+            `strat_int`,
+            `kod`,                  
+            `site`,
+            `w_psu`,
+            `psu`,
+            `trip_rep_id`,          
+            `ST`,
+            `SITE_EXTERNAL_ID`,
+            `SITE_LAT`,
+            `SITE_LONG`,            
+            `STATE`,   
+            `SITE_ZIP`,
+            `SHORE AREA`) %>% 
+   nest()
> 
> psu_probs <- nest_pop %>% 
+   count(psu_id) %>% 
+   mutate(prob = n/sum(n)) 
> 
> nest_pop <- nest_pop %>% 
+   left_join(psu_probs) %>% 
+   select(-n)
Joining, by = "psu_id"
> 
> # nest pop is a tibble of replicates of psu's 
> # and then for each replicate, there is a nested tibble
> # of trips associated with the replicated
> 
> 
> ##############
> # REPLICATE THE SAMPLES
> # n TIMES
> ##############
> 
> # t_yp_est <- c()
> # t_yc_est <- c()
> # t_y2_est <- c()
> # t_ydiff_est <- c()
> # t_ynew_est <- c()
> # t_yp_se <- c()
> # t_yc_se <- c()
> # t_y2_se <- c()
> # t_ydiff_se <- c()
> # t_ynew_se <- c()
> # n1_hat_total <- c()
> # n1_hat_se <- c()
> # fp_rate <- c()
> # fn_rate <- c()
> # tp_rate <- c()
> # mm_rate <- c()
> 
> #for(jj in 1:20){
> big_loop <- function() { # Need function arguments
+   ###################################
+   #Take a sample of 200 PSUs
+   ###################################
+   
+   samp1_psu <- nest_pop %>% 
+     sample_n(size = 200,replace = F,weight = (prob)) %>% 
+     select(psu_id)
+   
+   s_pop <- tibble()
+   
+   for(i in 1:nrow(samp1_psu)){
+     a <- filter(nest_pop,
+                 psu_id == samp1_psu$psu_id[i]) %>% 
+       sample_n(1)
+     s_pop <- bind_rows(s_pop,
+                        a)
+   }
+   
+   ##################################
+   #Simulate the self-reports
+   ##################################
+   
+   # In 2017 actual mrip data, we have about 100 true matches
+   # Which is approx 7% of the sample (n2)
+   # So make n1 be 7% of N
+   
+   n1 <- round(nrow(pop) * 0.07)  
+   
+   # 40% of the CLS sampled trips actually made a report
+   
+   cls_ids_cls <- cls17 %>% 
+     select(CLS_ID) %>% 
+     as_tibble()
+   
+   self_gen <- s_pop %>% 
+     unnest() %>% 
+     filter(CLS == 1) %>% 
+     filter(CLS_ID %in% cls17$CLS_ID) %>% 
+     select(cls_party : true_match_id)
+   
+   additional_self_reps <- n1 - nrow(self_gen)
+   self_reports <- sample_n(tbl = cls_ids_cls,
+                            size = additional_self_reps,
+                            replace = T
+   )
+   
+   self_reports <- sample_n(tbl = self_gen,
+                            size =additional_self_reps,
+                            replace = T) %>% 
+     mutate(true_match_id = 0) %>% 
+     mutate(CLS_ID = self_reports$CLS_ID) %>% 
+     mutate(cls_part = round(cls_party + rnorm(additional_self_reps,
+                                               0,0.5)),
+            cls_harvest = round(cls_harvest + rnorm(additional_self_reps,
+                                                    0,10)),
+            cls_release = round(cls_release + rnorm(additional_self_reps,
+                                                    0,20)),
+            cls_red_snapper_harvest = round(cls_red_snapper_harvest +
+                                              rnorm(additional_self_reps,
+                                                    0,2)),
+            species_caught_cls = round(species_caught_cls +
+                                         rnorm(additional_self_reps,
+                                               0,4)),
+            species_released_cls = round(species_released_cls +
+                                           rnorm(additional_self_reps,0,6)),
+            date_cls = date_cls + rnorm(additional_self_reps,0,20),
+            d_cls = day(date_cls),
+            CLS_LAT = CLS_LAT + rnorm(additional_self_reps,0,3),
+            CLS_LONG = CLS_LONG + rnorm(additional_self_reps,0,5)) %>% 
+     mutate(cls_party = if_else(cls_part <=0,
+                                cls_party,cls_part),
+            cls_harvest = sapply(cls_harvest, neg_to_zero),
+            cls_release = sapply(cls_release, neg_to_zero),
+            cls_red_snapper_harvest = sapply(cls_red_snapper_harvest,
+                                             neg_to_zero),
+            species_caught_cls = sapply(species_caught_cls,
+                                        neg_to_zero),
+            species_released_cls = sapply(species_released_cls,
+                                          neg_to_zero)) %>% 
+     select(-cls_part) %>% 
+     bind_rows(self_gen) %>% 
+     mutate(trip_id = 1:n())
+   ######################################
+   #Prep Data for Record Linkage
+   #######################################
+   
+   self_reports <- self_reports %>% 
+     select(-id) %>% 
+     rename(true_match_id_cls = true_match_id)
+   
+   sample_pop <- s_pop %>%
+     unnest() %>%
+     select(-c(cls_party:CLS_LONG)) %>% 
+     rename(true_match_id_mrip = true_match_id)
+   
+   tidy_all_matches_docks <- self_reports %>% 
+     drop_na(CLS_ID) %>% 
+     inner_join(sample_pop, by = "CLS_ID")
+   
+   ###########################################
+   #Block on CLS_ID then join
+   ############################################
+   
+   tidy_all_matches_docks <- tidy_all_matches_docks %>% 
+     mutate(diff_total_catch = total_harvest - cls_harvest,
+            diff_total_release = total_release - cls_release,
+            diff_red_snapper = red_snapper_harvest - cls_red_snapper_harvest,
+            km_difference = distHaversine(
+              as.matrix(tibble(CLS_LONG, CLS_LAT)),
+              as.matrix(tibble(SITE_LONG, SITE_LAT))) / 1000,
+            diff_spec_caught = species_caught_mrip - species_caught_cls,
+            diff_spec_rel = species_released_mrip - species_released_cls,
+            diff_num_anglers = party - cls_party,
+            diff_date = date - date_cls)
+   
+   ################################
+   # Linking Variable Distributions
+   ################################
+   ####
+   # Total Catch
+   ####
+   n_match <- tidy_all_matches_docks %>%
+     filter(true_match_id_cls == true_match_id_mrip) %>%
+     distinct(true_match_id_mrip,true_match_id_cls,.keep_all = T) %>% 
+     nrow()
+   #agree
+   p.agree_total_catch <- tidy_all_matches_docks %>%
+     filter(true_match_id_cls == true_match_id_mrip) %>%
+     distinct(true_match_id_mrip,true_match_id_cls,.keep_all = T) %>% 
+     filter(!is.na(diff_total_catch)) %>% 
+     filter(between(diff_total_catch,-0.99999,0.99999)) %>%
+     nrow() / 
+     n_match
+   
+   #close
+   p.close_total_catch <- tidy_all_matches_docks %>%
+     filter(true_match_id_cls == true_match_id_mrip) %>%
+     distinct(true_match_id_mrip,true_match_id_cls,.keep_all = T)  %>% #remove duplicates
+     filter(between(diff_total_catch,-5.99999,-1) |
+              between(diff_total_catch,1,5.99999)) %>%
+     nrow() /
+     n_match
+   
+   #far
+   p.far_total_catch <- tidy_all_matches_docks %>%
+     filter(true_match_id_cls == true_match_id_mrip) %>%
+     distinct(true_match_id_mrip,true_match_id_cls,.keep_all = T)  %>% 
+     filter(!is.na(diff_total_catch)) %>% 
+     filter(between(diff_total_catch,-15.99999,-6) |
+              between(diff_total_catch,6,15.99999)) %>%
+     nrow() /
+     n_match
+   
+   #disagree
+   p.disagree_total_catch <- tidy_all_matches_docks %>%
+     filter(true_match_id_cls == true_match_id_mrip) %>%
+     distinct(true_match_id_mrip,true_match_id_cls,.keep_all = T)  %>% 
+     filter(!is.na(diff_total_catch)) %>% 
+     filter(between(diff_total_catch,-3000,-16) |
+              between(diff_total_catch,16,9999)) %>%
+     nrow() /
+     n_match
+   
+   ####
+   # Total Release
+   ####
+   
+   n_total.release <- tidy_all_matches_docks %>%
+     filter(true_match_id_cls == true_match_id_mrip) %>%
+     distinct(true_match_id_mrip,true_match_id_cls,.keep_all = T) %>% 
+     nrow()
+   
+   #agree
+   p.agree_total_release <- tidy_all_matches_docks %>%
+     filter(true_match_id_cls == true_match_id_mrip) %>%
+     distinct(true_match_id_mrip,true_match_id_cls,.keep_all = T) %>% 
+     filter(between(diff_total_release,-0.9999,0.9999) ) %>%
+     nrow() /
+     n_total.release
+   
+   #close
+   p.close_total_release <- tidy_all_matches_docks %>%
+     filter(true_match_id_cls == true_match_id_mrip) %>%
+     distinct(true_match_id_mrip,true_match_id_cls,.keep_all = T) %>%
+     filter(between(diff_total_release,-4.9999,-1) | 
+              between(diff_total_release,1,4.9999)) %>%
+     nrow() /
+     n_total.release
+   
+   #far
+   p.far_total_release <- tidy_all_matches_docks %>%
+     filter(true_match_id_cls == true_match_id_mrip) %>%
+     distinct(true_match_id_mrip,true_match_id_cls,.keep_all = T) %>%
+     filter(between(diff_total_release,-10.9999,-5) |
+              between(diff_total_release,5,10.9999)) %>%
+     nrow() /
+     n_total.release
+   
+   #disagree
+   p.disagree_total_release <- tidy_all_matches_docks %>%
+     filter(true_match_id_cls == true_match_id_mrip) %>%
+     distinct(true_match_id_mrip,true_match_id_cls,.keep_all = T) %>%
+     filter(between(diff_total_release,-3000,-11) |
+              between(diff_total_release,11,300)) %>%
+     nrow() /
+     n_total.release
+   
+   #####
+   # KM Distance
+   #####
+   
+   n_total_distance <- tidy_all_matches_docks %>%
+     filter(true_match_id_cls == true_match_id_mrip) %>%
+     distinct(true_match_id_mrip,true_match_id_cls,.keep_all = T) %>%
+     filter(km_difference != "NA") %>%
+     nrow()
+   
+   #agree
+   p.agree_total_distance <- tidy_all_matches_docks %>%
+     filter(true_match_id_cls == true_match_id_mrip) %>%
+     distinct(true_match_id_mrip,true_match_id_cls,.keep_all = T) %>%
+     filter(km_difference != "NA") %>%
+     filter(between(km_difference,0,15)) %>%
+     nrow() /
+     n_total_distance
+   
+   #close
+   p.close_total_distance <- tidy_all_matches_docks %>%
+     filter(true_match_id_cls == true_match_id_mrip) %>%
+     distinct(true_match_id_mrip,true_match_id_cls,.keep_all = T) %>%
+     filter(km_difference != "NA") %>%
+     filter(between(km_difference,15.0001,40)) %>%
+     nrow() /
+     n_total_distance
+   
+   #disagree
+   p.disagree_total_distance <- tidy_all_matches_docks %>%
+     filter(true_match_id_cls == true_match_id_mrip) %>%
+     distinct(true_match_id_mrip,true_match_id_cls,.keep_all = T) %>%
+     filter(km_difference != "NA") %>%
+     filter(between(km_difference,40.0001,4000)) %>%
+     nrow() /
+     n_total_distance
+   
+   #Red Snapper Catch Difference
+   
+   # n_total_rs <- tidy_all_matches_docks %>%
+   #   filter(true_match_id_cls == true_match_id_mrip) %>%
+   #   distinct(true_match_id_mrip,true_match_id_cls,.keep_all = T) %>%
+   #   nrow()
+   # #agree
+   # p.agree_total_rs <- tidy_all_matches_docks %>%
+   #   filter(true_match_id_cls == true_match_id_mrip) %>%
+   #   distinct(true_match_id_mrip,true_match_id_cls,.keep_all = T) %>% 
+   #   filter(between(diff_red_snapper,-0.01,0.01)) %>%
+   #   nrow() /
+   #   n_total_rs
+   # 
+   # #close
+   # p.disagree_total_rs <- tidy_all_matches_docks %>%
+   #   filter(true_match_id_cls == true_match_id_mrip) %>%
+   #   distinct(true_match_id_mrip,true_match_id_cls,.keep_all = T) %>%
+   #   filter(between(diff_red_snapper,-10,-0.1001) |
+   #            between(diff_red_snapper,0.1001,10)) %>%
+   #   nrow() /
+   #   n_total_rs
+   # 
+   
+   ######
+   # Number Species Caught Difference
+   ######
+   
+   n_total_num_species <- tidy_all_matches_docks %>%
+     filter(true_match_id_cls == true_match_id_mrip) %>%
+     distinct(true_match_id_mrip,true_match_id_cls,.keep_all = T) %>%
+     nrow()
+   
+   p.agree_total_num_species <- tidy_all_matches_docks %>%
+     filter(true_match_id_cls == true_match_id_mrip) %>%
+     distinct(true_match_id_mrip,true_match_id_cls,.keep_all = T) %>% 
+     filter(diff_spec_caught %in% c(0)) %>%
+     nrow() /
+     n_total_num_species
+   
+   #close
+   p.close_total_num_species <- tidy_all_matches_docks %>%
+     filter(true_match_id_cls == true_match_id_mrip) %>%
+     distinct(true_match_id_mrip,true_match_id_cls,.keep_all = T) %>% 
+     filter(diff_spec_caught %in% c(-1,1)) %>%
+     nrow() /
+     n_total_num_species
+   #far
+   p.far_total_num_species <- tidy_all_matches_docks %>%
+     filter(true_match_id_cls == true_match_id_mrip) %>%
+     distinct(true_match_id_mrip,true_match_id_cls,.keep_all = T) %>% 
+     filter(diff_spec_caught %in% c(-2,2)) %>%
+     nrow() /
+     n_total_num_species
+   
+   #disagree
+   p.disagree_total_num_species <- tidy_all_matches_docks %>%
+     filter(true_match_id_cls == true_match_id_mrip) %>%
+     distinct(true_match_id_mrip,true_match_id_cls,.keep_all = T) %>% #remove duplicates
+     filter(diff_spec_caught %in% c(-10:-3,3:10)) %>%
+     nrow() /
+     n_total_num_species
+   
+   #####
+   # Number Species Released Difference
+   #####
+   
+   n_total_num_species_rel <- tidy_all_matches_docks %>%
+     filter(true_match_id_cls == true_match_id_mrip) %>%
+     distinct(true_match_id_mrip,true_match_id_cls,.keep_all = T) %>% 
+     nrow()
+   
+   p.agree_total_num_species_rel <- tidy_all_matches_docks %>%
+     filter(true_match_id_cls == true_match_id_mrip) %>%
+     distinct(true_match_id_mrip,true_match_id_cls,.keep_all = T) %>% 
+     filter(diff_spec_rel %in% c(0)) %>%
+     nrow() /
+     n_total_num_species_rel
+   
+   #close
+   p.close_total_num_species_rel <- tidy_all_matches_docks %>%
+     filter(true_match_id_cls == true_match_id_mrip) %>%
+     distinct(true_match_id_mrip,true_match_id_cls,.keep_all = T) %>%  #remove duplicates
+     filter(diff_spec_rel %in% c(-1,1)) %>%
+     nrow()/
+     n_total_num_species_rel
+   #far
+   p.far_total_num_species_rel <- tidy_all_matches_docks %>%
+     filter(true_match_id_cls == true_match_id_mrip) %>%
+     distinct(true_match_id_mrip,true_match_id_cls,.keep_all = T) %>%  #remove duplicates
+     filter(diff_spec_rel %in% c(-2,2)) %>%
+     nrow() /
+     n_total_num_species_rel
+   #disagree
+   p.disagree_total_num_spec_rel <- tidy_all_matches_docks %>%
+     filter(true_match_id_cls == true_match_id_mrip) %>%
+     distinct(true_match_id_mrip,true_match_id_cls,.keep_all = T) %>%  #remove duplicates
+     filter(diff_spec_rel %in% c(-10:-3,3:10)) %>%
+     nrow()/
+     n_total_num_species_rel
+   
+   #####
+   # Number of anglers
+   #####
+   n_num_anglers <- tidy_all_matches_docks %>%
+     filter(true_match_id_cls == true_match_id_mrip) %>%
+     distinct(true_match_id_mrip,true_match_id_cls,.keep_all = T)  %>% 
+     nrow()
+   
+   p.agree_num_anglers <- tidy_all_matches_docks %>%
+     filter(true_match_id_cls == true_match_id_mrip) %>%
+     distinct(true_match_id_mrip,true_match_id_cls,.keep_all = T) %>% 
+     filter(diff_num_anglers %in% c(0)) %>% 
+     nrow() / 
+     n_num_anglers
+   
+   p.close_num_anglers <- tidy_all_matches_docks %>%
+     filter(true_match_id_cls == true_match_id_mrip) %>%
+     distinct(true_match_id_mrip,true_match_id_cls,.keep_all = T) %>% 
+     filter(diff_num_anglers %in% c(-1,1)) %>% 
+     nrow()/ 
+     n_num_anglers
+   
+   
+   p.disagree_num_anglers <- tidy_all_matches_docks %>%
+     filter(true_match_id_cls == true_match_id_mrip) %>%
+     distinct(true_match_id_mrip,true_match_id_cls,.keep_all = T) %>%
+     filter(diff_num_anglers %in% c(-15:-2,2:15)) %>% 
+     nrow()/ 
+     n_num_anglers
+   
+   #####
+   # Date
+   #####
+   
+   n_total_date <-  tidy_all_matches_docks %>%
+     filter(true_match_id_cls == true_match_id_mrip) %>%
+     distinct(true_match_id_mrip,true_match_id_cls,.keep_all = T) %>% 
+     nrow() 
+   
+   p.agree_date <-  tidy_all_matches_docks %>%
+     filter(true_match_id_cls == true_match_id_mrip) %>%
+     distinct(true_match_id_mrip,true_match_id_cls,.keep_all = T) %>%
+     filter(between(diff_date,-0.15,0.15)) %>% 
+     nrow() /
+     n_total_date
+   
+   #close
+   p.close_date <-  tidy_all_matches_docks %>%
+     filter(true_match_id_cls == true_match_id_mrip) %>%
+     distinct(true_match_id_mrip,true_match_id_cls,.keep_all = T)%>%
+     filter(between(diff_date,-1, -0.15001) |
+              between(diff_date,0.15001,1)) %>%
+     nrow() /
+     n_total_date
+   #far
+   p.disagree_date <-  tidy_all_matches_docks %>%
+     filter(true_match_id_cls == true_match_id_mrip) %>%
+     distinct(true_match_id_mrip,true_match_id_cls,.keep_all = T) %>%
+     filter(between(diff_date,-10,-1.0001) |
+              between(diff_date, 1.0001, 10)) %>%
+     nrow() /
+     n_total_date
+   
+   
+   ##############################
+   # Record Linkage Algorithm
+   ##############################
+   
+   
+   #Total number of species reportedly caught
+   score_species_caught <- c()
+   for(s in 1:nrow(tidy_all_matches_docks)) {
+     if (is.na(tidy_all_matches_docks$species_caught_cls[s]) |
+         is.na(tidy_all_matches_docks$species_caught_mrip[s])) {
+       score_species_caught[s] <- NA
+     } else if (tidy_all_matches_docks$species_caught_cls[s] == #agree
+                tidy_all_matches_docks$species_caught_mrip[s]) {
+       score_species_caught[s] <-
+         -log(
+           sum(
+             tidy_all_matches_docks$species_caught_mrip ==
+               tidy_all_matches_docks$species_caught_cls[s]
+           ) /
+             nrow(tidy_all_matches_docks)
+         )
+     } else if (abs( #close
+       tidy_all_matches_docks$species_caught_cls[s] -
+       tidy_all_matches_docks$species_caught_mrip[s]
+     ) %in% c(1)) {
+       score_species_caught[s] <-
+         -log(sum(
+           abs(
+             tidy_all_matches_docks$species_caught_cls[s] -
+               tidy_all_matches_docks$species_caught_mrip
+           ) %in% c(1)
+         ) /
+           nrow(tidy_all_matches_docks)) + log(p.close_total_num_species)
+     } else if (abs( #far
+       tidy_all_matches_docks$species_caught_cls[s] -
+       tidy_all_matches_docks$species_caught_mrip[s]
+     ) %in% c(2)) {
+       score_species_caught[s] <-
+         -log(sum(
+           abs(
+             tidy_all_matches_docks$species_caught_cls[s] -
+               tidy_all_matches_docks$species_caught_mrip
+           ) %in% c(2)
+         ) /
+           nrow(tidy_all_matches_docks)) + log(p.far_total_num_species)
+     } else #disagree
+       (score_species_caught[s] <- log(p.disagree_total_num_species))
+   }
+   
+   #Total number of species reportedly released
+   
+   score_species_released <- c()
+   for(s in 1:nrow(tidy_all_matches_docks)) {
+     if (is.na(tidy_all_matches_docks$species_released_cls[s]) |
+         is.na(tidy_all_matches_docks$species_released_mrip[s])) {
+       score_species_released[s] <- NA
+     } else if (tidy_all_matches_docks$species_released_cls[s] == #agree
+                tidy_all_matches_docks$species_released_mrip[s]) {
+       score_species_released[s] <-
+         -log(
+           sum(
+             tidy_all_matches_docks$species_released_mrip ==
+               tidy_all_matches_docks$species_released_cls[s]
+           ) /
+             nrow(tidy_all_matches_docks)
+         )
+     } else if (abs(
+       tidy_all_matches_docks$species_released_cls[s] - #close
+       tidy_all_matches_docks$species_released_mrip[s]
+     ) %in% c(1)) {
+       score_species_released[s] <-
+         -log(sum(
+           abs(
+             tidy_all_matches_docks$species_released_cls[s] -
+               tidy_all_matches_docks$species_released_mrip
+           ) %in% c(1)
+         ) /
+           nrow(tidy_all_matches_docks)) + log(p.close_total_num_species_rel)
+     } else if (abs(
+       tidy_all_matches_docks$species_released_cls[s] - #far
+       tidy_all_matches_docks$species_released_mrip[s]
+     ) %in% c(2)) {
+       score_species_released[s] <-
+         -log(sum(
+           abs(
+             tidy_all_matches_docks$species_released_cls[s] -
+               tidy_all_matches_docks$species_released_mrip
+           ) %in% c(2)
+         ) /
+           nrow(tidy_all_matches_docks)) + log(p.far_total_num_species_rel)
+     } else
+       (score_species_released[s] <- log(p.disagree_total_num_spec_rel))
+   }
+   
+   #Difference in Total Catch
+   
+   score_diff_total_catch <- c()
+   for(s in 1:nrow(tidy_all_matches_docks)) {
+     if (is.na(tidy_all_matches_docks$cls_harvest[s]) |
+         is.na(tidy_all_matches_docks$total_harvest[s])) {
+       score_diff_total_catch[s] <- NA
+     } else if (between(tidy_all_matches_docks$diff_total_catch[s],-0.9999,0.9999)) {
+       score_diff_total_catch[s] <-
+         -log(
+           sum(
+             between(
+               (tidy_all_matches_docks$total_harvest -
+                  tidy_all_matches_docks$cls_harvest[s]),-0.9999,0.9999),
+             na.rm = T
+           ) /
+             nrow(tidy_all_matches_docks)
+         )
+     } else if (between(tidy_all_matches_docks$diff_total_catch[s],-5.9999,-1) |
+                between(tidy_all_matches_docks$diff_total_catch[s],1,5.9999)) {
+       score_diff_total_catch[s] <-
+         -log(
+           sum(
+             between(
+               abs(tidy_all_matches_docks$cls_harvest[s] -
+                     tidy_all_matches_docks$total_harvest),1,5.9999),
+             na.rm = T
+           ) /
+             nrow(tidy_all_matches_docks)) + log(p.close_total_catch)
+     } else if (between(tidy_all_matches_docks$diff_total_catch[s],-15.9999,-6) |
+                between(tidy_all_matches_docks$diff_total_catch[s],6,15.9999)) {
+       score_diff_total_catch[s] <-
+         -log(
+           sum(
+             between(
+               abs(tidy_all_matches_docks$cls_harvest[s] -
+                     tidy_all_matches_docks$total_harvest),6,15.9999),
+             na.rm = T
+           ) /
+             nrow(tidy_all_matches_docks)) + log(p.far_total_catch)
+     }  else
+       (score_diff_total_catch[s] <- log(p.disagree_total_catch))
+   }
+   
+   #Difference in Total Release
+   
+   score_diff_total_release <- c()
+   for(s in 1:nrow(tidy_all_matches_docks)) {
+     if (is.na(tidy_all_matches_docks$cls_harvest[s]) |
+         is.na(tidy_all_matches_docks$total_harvest[s])) {
+       score_diff_total_release[s] <- NA
+     } else if (between(tidy_all_matches_docks$diff_total_release[s],
+                        -0.9999,0.9999)) {
+       score_diff_total_release[s] <-
+         -log(
+           sum(
+             between(
+               (tidy_all_matches_docks$total_release -
+                  tidy_all_matches_docks$cls_release[s]),-0.9999,0.9999),
+             na.rm = T
+           ) /
+             nrow(tidy_all_matches_docks)
+         )
+     } else if (between(tidy_all_matches_docks$diff_total_release[s],
+                        -4.9999,-1) |
+                between(tidy_all_matches_docks$diff_total_release[s],
+                        1,4.9999)) {
+       score_diff_total_release[s] <-
+         -log(
+           sum(
+             between(abs(tidy_all_matches_docks$cls_release[s] -
+                           tidy_all_matches_docks$total_release),1,4.9999),
+             na.rm = T
+           ) /
+             nrow(tidy_all_matches_docks)) + log(p.close_total_release)
+     } else if (between(tidy_all_matches_docks$diff_total_release[s],
+                        -10.9999,-5) |
+                between(tidy_all_matches_docks$diff_total_release[s],
+                        5,10.9999)){
+       score_diff_total_release[s] <-
+         -log(
+           sum(
+             between(abs(tidy_all_matches_docks$cls_release[s] -
+                           tidy_all_matches_docks$total_release),5,10.9999),
+             na.rm = T
+           ) /
+             nrow(tidy_all_matches_docks)) + log(p.far_total_release)
+     } else
+       (score_diff_total_release[s] <- log(p.disagree_total_release)) #disagree
+   }
+   
+   #Difference in Red Snapper Caught
+   
+   # score_diff_red_snapper_caught <- c()
+   # for(s in 1:nrow(tidy_all_matches_docks)) {
+   #   if (is.na(tidy_all_matches_docks$cls_red_snapper_harvest[s]) |
+   #       is.na(tidy_all_matches_docks$red_snapper_harvest[s])) {
+   #     score_diff_red_snapper_caught[s] <- NA
+   #   } #agree
+   #   else if (between(
+   #     (tidy_all_matches_docks$cls_red_snapper_harvest[s] - 
+   #      tidy_all_matches_docks$red_snapper_harvest[s]),-0.1,0.1)) {
+   #     score_diff_red_snapper_caught[s] <-
+   #       -log(
+   #         sum(
+   #           between((tidy_all_matches_docks$red_snapper_harvest -
+   #                      tidy_all_matches_docks$cls_red_snapper_harvest[s]),-0.1,0.1),
+   #           na.rm = T
+   #         ) /
+   #           nrow(tidy_all_matches_docks)
+   #       ) 
+   #   } else
+   #     (score_diff_red_snapper_caught[s] <- log(p.disagree_total_rs))
+   # }
+   
+   
+   #Difference in Number of Anglers
+   score_diff_anglers <- c()
+   for(s in 1:nrow(tidy_all_matches_docks)) {
+     if (is.na(tidy_all_matches_docks$party[s]) |
+         is.na(tidy_all_matches_docks$cls_party[s])) {
+       score_diff_anglers[s] <- NA
+     } else if (tidy_all_matches_docks$cls_party[s] == #agree
+                tidy_all_matches_docks$party[s]) {
+       score_diff_anglers[s] <-
+         -log(
+           sum(
+             tidy_all_matches_docks$party ==
+               tidy_all_matches_docks$cls_party[s],na.rm = T
+           ) /
+             nrow(tidy_all_matches_docks)
+         )
+     } else if (abs(tidy_all_matches_docks$cls_party[s] - #close
+                    tidy_all_matches_docks$party[s]) %in% c(1)) {
+       score_diff_anglers[s] <-
+         -log(sum(
+           abs(
+             tidy_all_matches_docks$cls_party[s] -
+               tidy_all_matches_docks$party
+           ) %in% c(1),na.rm = T
+         ) /
+           nrow(tidy_all_matches_docks)) + log(p.close_num_anglers)
+     } else #disagree
+       (score_diff_anglers[s] <- log(p.disagree_num_anglers))
+   }
+   
+   #Difference in Reporting Date
+   
+   score_diff_date <- c()
+   for(s in 1:nrow(tidy_all_matches_docks)) {
+     if (is.na(tidy_all_matches_docks$date[s]) |
+         is.na(tidy_all_matches_docks$date_cls[s])) {
+       score_diff_date[s] <- NA
+     }else if (between(tidy_all_matches_docks$diff_date[s],-0.15,0.15)) { #agree
+       score_diff_date[s] <-
+         -log(
+           (sum(
+             between(
+               (difftime(tidy_all_matches_docks$date_cls[s],
+                         tidy_all_matches_docks$date,units = "days")), 
+               -0.15, 0.15),na.rm = T
+           )
+           ) /
+             nrow(tidy_all_matches_docks))
+     } else if (between(tidy_all_matches_docks$diff_date[s],-1,-0.15001) |
+                between(tidy_all_matches_docks$diff_date[s],0.15001,1)) { #close
+       score_diff_date[s] <-
+         -log(
+           (sum(
+             between(
+               (abs(difftime(tidy_all_matches_docks$date_cls[s],
+                             tidy_all_matches_docks$date, units = "days"))), 
+               0.15001, 1),na.rm = T
+           )
+           ) /
+             nrow(tidy_all_matches_docks)) + log(p.close_date)
+     } else #disagree
+       (score_diff_date[s] <- log(p.disagree_date))
+   }
+   
+   #Difference in Reporting Distance
+   
+   score_diff_report_distance <- c()
+   for(s in 1:nrow(tidy_all_matches_docks)) {
+     if(is.na(tidy_all_matches_docks$km_difference[s])){
+       score_diff_report_distance[s] <- NA
+     } #agree
+     else if (between(tidy_all_matches_docks$km_difference[s],-100, 15)) {
+       score_diff_report_distance[s] <-
+         -log((sum(between((distHaversine(
+           as.matrix(
+             tibble(
+               tidy_all_matches_docks$CLS_LONG[s],
+               tidy_all_matches_docks$CLS_LAT[s]
+             )
+           ),
+           as.matrix(
+             tibble(tidy_all_matches_docks$SITE_LONG,
+                    tidy_all_matches_docks$SITE_LAT)
+           )
+         ) / 1000),-100, 15
+         ),na.rm = T)) / nrow(tidy_all_matches_docks))
+     } else if (between(tidy_all_matches_docks$km_difference[s], 15.0001, 40)) {
+       score_diff_report_distance[s] <- #close
+         -log((sum(between((distHaversine(
+           as.matrix(
+             tibble(
+               tidy_all_matches_docks$CLS_LONG[s],
+               tidy_all_matches_docks$CLS_LAT[s]
+             )
+           ),
+           as.matrix(
+             tibble(tidy_all_matches_docks$SITE_LONG,
+                    tidy_all_matches_docks$SITE_LAT)
+           )
+         ) / 1000), 15.0001, 40
+         ),na.rm = T)) / nrow(tidy_all_matches_docks)) + log(p.close_total_distance)
+     } else #disagree
+       (score_diff_report_distance[s] <- log(p.disagree_total_distance))
+   }
+   
+   #Add blocking variables as linking variables
+   #Difference in CLS_ID
+   score_cls_id <- c()
+   for(s in 1:nrow(tidy_all_matches_docks)) {
+     score_cls_id[s] <-
+       -log(
+         sum(
+           tidy_all_matches_docks$CLS_ID ==
+             tidy_all_matches_docks$CLS_ID[s],na.rm = T
+         ) /
+           nrow(tidy_all_matches_docks)
+       )
+   }
+   
+   tidy_all_matches_docks_rl <- tidy_all_matches_docks %>%
+     mutate(
+       score_diff_anglers = score_diff_anglers,
+       score_diff_date = score_diff_date,
+       #score_diff_red_snapper_caught = score_diff_red_snapper_caught,
+       score_diff_report_distance = score_diff_report_distance,
+       score_diff_total_catch = score_diff_total_catch,
+       score_diff_total_release = score_diff_total_release,
+       score_species_caught = score_species_caught,
+       score_species_released = score_species_released,
+       score_cls_id = score_cls_id
+     ) %>%
+     mutate(
+       rl_score = rowSums(
+         select(.,
+                score_diff_anglers,
+                score_diff_date,
+                #score_diff_red_snapper_caught,
+                score_diff_report_distance,
+                score_diff_total_catch,
+                score_diff_total_release,
+                score_species_caught,
+                score_species_released,
+                score_cls_id
+         ),na.rm = T))
+   
+   
+   ######################
+   # Matching
+   ######################
+   
+   #need to filter it so that only one cls report 
+   #is matched with an mrip trip
+   
+   #####
+   # First Round
+   #####
+   one_per_first <- tidy_all_matches_docks_rl %>%
+     filter(!is.na(trip_id)) %>% 
+     group_by(id) %>%
+     top_n(n=1,rl_score) %>%
+     ungroup() %>%
+     group_by(id) %>%
+     top_n(n=-1,diff_date) %>%
+     ungroup() %>% 
+     group_by(id) %>%
+     top_n(n=-1,km_difference) %>%
+     ungroup() %>%
+     group_by(trip_id) %>% 
+     top_n(n=1,rl_score) %>% 
+     ungroup() %>% 
+     group_by(trip_id) %>% 
+     top_n(n=-1,abs(diff_date)) %>% 
+     ungroup()
+   
+   mrip_dates_one_per_first <- one_per_first %>% 
+     pull(id)
+   mrip_tripids_one_per_first <- one_per_first %>% 
+     pull(trip_id)
+   
+   ####
+   # Second Round
+   ####
+   
+   second_to_match <- tidy_all_matches_docks_rl %>% 
+     filter(!id %in% mrip_dates_one_per_first) %>% 
+     filter(!is.na(trip_id)) 
+   
+   matched_second <- second_to_match %>%
+     filter(!trip_id %in% mrip_tripids_one_per_first) %>% 
+     group_by(id) %>%
+     top_n(n=1,rl_score) %>%
+     ungroup() %>%
+     group_by(id) %>%
+     top_n(n=-1,diff_date) %>%
+     ungroup() %>% 
+     group_by(trip_id) %>% 
+     top_n(n=1,rl_score) %>% 
+     ungroup() %>% 
+     group_by(trip_id) %>% 
+     top_n(n=-1,abs(diff_date)) %>% 
+     ungroup()
+   
+   sec_d <- matched_second %>%
+     pull(id)
+   first_trips <- one_per_first %>% pull(trip_id)
+   sec_trips <- matched_second %>% pull(trip_id)
+   
+   ######
+   # Need a third round
+   ######
+   
+   third_to_match <- tidy_all_matches_docks_rl %>% 
+     filter(!id %in% c(mrip_dates_one_per_first,sec_d) &
+              !trip_id%in% c(first_trips, sec_trips))  
+   
+   matched_third <- third_to_match %>% 
+     filter(!is.na(trip_id)) %>% 
+     group_by(id) %>%
+     top_n(n=1,rl_score) %>%
+     ungroup() %>%
+     group_by(id) %>%
+     top_n(n=-1,diff_date) %>%
+     ungroup() %>% 
+     group_by(trip_id) %>% 
+     top_n(n=1,rl_score) %>% 
+     ungroup() %>% 
+     group_by(trip_id) %>% 
+     top_n(n=-1,abs(diff_date)) %>% 
+     ungroup()
+   
+   #Check third round
+   third_trips <- matched_third %>% pull(trip_id)
+   third_prt <- matched_third %>% pull(id)
+   tidy_all_matches_docks_rl %>% 
+     distinct(id,.keep_all = T) %>% 
+     filter(!id %in% c(mrip_dates_one_per_first,
+                       sec_d,third_prt) &
+              !trip_id %in% c(first_trips, sec_trips,
+                              third_trips)) %>%  
+     select(id,trip_id)
+   
+   ##########
+   # Determine Links using cutoff that 
+   # Gets closest to the true number of
+   # matches in sample
+   tidy_all_matches_one_per_1 <- matched_second %>% 
+     bind_rows(one_per_first) %>% 
+     bind_rows(matched_third) %>% 
+     distinct()
+   
+   tidy_all_matches_one_per <- tidy_all_matches_one_per_1 %>% 
+     group_by(id) %>% 
+     sample_n(1) %>% 
+     ungroup()
+   
+   true_match_s <- nrow(filter(sample_pop,true_match_id_mrip != 0))
+   cut <- seq(0,25,by = 0.1)
+   cut_tib <- tibble()
+   links <- c()
+   for(i in 1:length(cut)){
+     links[i] <- nrow(filter(tidy_all_matches_one_per,rl_score > cut[i]))
+   }
+   
+   m <- abs(links - true_match_s)
+   cutoff.w <- which(m == min(m))
+   cutoff <- cut[cutoff.w]
+   
+   #make too many matches (20% more matches)
+   t.m <- abs(links - (true_match_s + 0.2*true_match_s))
+   cutoff.tm <- which(t.m == min(t.m))
+   cutoff <- cut[cutoff.tm]
+   
+   ######## 
+   # Put CLS info onto sample for linked trips
+   ########
+   identified_matches <- nrow(filter(tidy_all_matches_one_per,
+                                     rl_score > cutoff))
+   
+   matches <- tidy_all_matches_one_per %>% 
+     filter(rl_score > cutoff) %>% 
+     mutate(match = 1)
+   
+   match_ids <- pull(matches,id)
+   
+   non_matches <- sample_pop %>% 
+     filter(!id %in% match_ids)
+   
+   matched_samp <- non_matches %>% 
+     bind_rows(matches)
+   
+   #Prep for estimation
+   matched_samp <- matched_samp %>% 
+     mutate(
+       cls_red_snapper_harvest = if_else(is.na(cls_red_snapper_harvest),
+                                         0,cls_red_snapper_harvest),
+       delta_c = red_snapper_harvest -
+         cls_red_snapper_harvest,
+       match = if_else(is.na(match),
+                       0,match),
+       non_reporter_mrip_claim = if_else(match == 0,
+                                         red_snapper_harvest,0))
+   
+   
+   ########
+   # Make Estimates
+   ########
+   
+   s_design <- svydesign(id =~psu_id,
+                         strat = ~strat_int,
+                         prob = ~prob,
+                         nest = T,
+                         data = matched_samp)
+   options(survey.lonely.psu = "adjust") 
+   
+   tyc <- svyratio(~red_snapper_harvest,
+                   ~cls_red_snapper_harvest,
+                   design=s_design)
+   
+   tyc_se <- as.numeric(
+     predict(tyc,
+             total = sum(self_reports$cls_red_snapper_harvest))$se)
+   
+   tyc_total <- as.numeric(
+     predict(tyc,
+             total = sum(self_reports$cls_red_snapper_harvest))$total)
+   
+   ty2 <- svyratio(~delta_c,
+                   ~match,
+                   design = s_design,
+                   na.rm = T)
+   ty2_se <- as.numeric(
+     predict(ty2,total = n1)$se)
+   
+   ty2_total <- predict(ty2,total = n1)[[1]] + 
+     sum(self_reports$cls_red_snapper_harvest,na.rm=T)
+   ty2_total <- as.numeric(ty2_total)
+   
+   
+   typ <- svyratio(~red_snapper_harvest,
+                   ~match,
+                   design = s_design,
+                   na.rm = T)
+   typ_se <- as.numeric(
+     predict(typ,total = n1,na.rm=T)$se)
+   
+   typ_total <- as.numeric(
+     predict(typ,total = n1,na.rm=T)$total)
+   
+   
+   tydiff <- svytotal(~delta_c,
+                      design = s_design,na.rm=T)
+   tydiff_se <- as.numeric(SE(tydiff))
+   
+   tydiff_total <- tydiff[[1]] + sum(self_reports$cls_red_snapper_harvest,
+                                     na.rm=T)
+   
+   tynew.nr <- svytotal(~non_reporter_mrip_claim,
+                        design = s_design,
+                        na.rm=T)
+   tynew_se <- as.numeric(SE(tynew.nr))
+   
+   tynew_total <- tynew.nr[[1]] + 
+     sum(self_reports$cls_red_snapper_harvest,na.rm=T)
+   
+   n1hat <- svytotal(~match,
+                     s_design)
+   n1hat_total <- n1hat[[1]]
+   n1hat_se <- SE(n1hat)
+   
+   ########
+   # Get FP & FN rates
+   ########
+   ex_m <- tidy_all_matches_one_per %>% 
+     mutate(match = if_else(rl_score > cutoff,
+                            1,0)) %>% 
+     mutate(
+       match_status = case_when( 
+         match == 1 & true_match_id_mrip == 0 ~ "false-pos",
+         match == 0 & true_match_id_mrip != 0 &
+           true_match_id_cls == true_match_id_mrip ~ "false-neg",
+         match == 0 & true_match_id_mrip != 0 &
+           true_match_id_cls != true_match_id_mrip ~ "false-neg",
+         match == 1 & true_match_id_mrip != 0 &
+           true_match_id_cls != true_match_id_mrip ~ "mismatch",
+         match == 0 & true_match_id_mrip == 0 ~ "true-neg",
+         match == 1 & true_match_id_mrip != 0 &
+           true_match_id_cls == true_match_id_mrip ~ "true-pos"
+       )
+     ) 
+   
+   rates <- ex_m %>% 
+     summarize(fp.rate = sum(match_status == "false-pos" &
+                               match == 1) / 
+                 sum(match == 1),
+               fn.rate = sum(match_status == "false-neg" & 
+                               match == 0) / 
+                 sum(match == 0),
+               tp.rate = sum(match_status == "true-pos" &
+                               match == 1) / 
+                 sum(match == 1),
+               mm.rate = sum(match_status == "mismatch" &
+                               match == 1) / 
+                 sum(match == 1)
+     ) 
+   
+   fn.rate <- rates$fn.rate
+   fp.rate <- rates$fp.rate
+   tp.rate <- rates$tp.rate
+   mm.rate <- rates$mm.rate
+   
+   return(list(t_yp_est = typ_total,
+               t_yc_est = tyc_total,
+               t_y2_est = ty2_total,
+               t_ydiff_est = tydiff_total,
+               t_ynew_est = tynew_total,
+               t_yp_se = typ_se, 
+               t_yc_se = tyc_se, 
+               t_y2_se = ty2_se, 
+               t_ydiff_se = tydiff_se,
+               t_ynew_se = tynew_se,
+               n1_hat_total = n1hat_total,
+               n1_hat_se = n1hat_se, 
+               fp_rate = fp.rate, 
+               fn_rate = fn.rate, 
+               tp_rate = tp.rate, 
+               mm_rate = mm.rate,
+               true_match = true_match_s,
+               identified_match = identified_matches))
+ } # End of big_loop function definition
> 
> 
> ###Test
> #number of iterations
> iters <- 10000
> # big_loop <- function() { # Need function arguments
> #   return(list(cls = nrow(cls17),
> #               mrip = nrow(mrip17))
> #   )
> # } 
> 
> #setup parallel backend to use 8 processors
> cl<-makeCluster(36)
> registerDoParallel(cl)
> 
> #start time
> strt<-Sys.time()
> 
> #loop
> ls <-foreach(icount(iters),
+              .packages = c('dplyr',
+                            'rlang',
+                            'tidyselect',
+                            'stringr',
+                            'lubridate',
+                            'geosphere',
+                            'survey',
+                            'tidyr',
+                            'magrittr')) %dopar% {
+   
+ big_loop()
+   
+ }
> 
> print(Sys.time()-strt)
Time difference of 3.788096 days
> stopCluster(cl)
> 
> sim_results <- map_dfr(ls,
+                        extract)
> print(sum(pop$red_snapper_harvest))
[1] 376440
> #Write it to RDS file
> saveRDS(sim_results,
+         file = "/users/benjamin/scratch/dissertation/sim_results_e.rds")
> 
> 
> 
